160:     if (source === "file") {
161:       const index = await resolveDirectoryIndex(dir)
162:       if (index) return pathToFileURL(index).href
163:     }
164: 
165:     return
166:   }
167: 
168:   return target
169: }
170: 
171: export function isPathPluginSpec(spec: string) {
172:   return spec.startsWith("file://") || spec.startsWith(".") || isAbsolutePath(spec)
173: }
174: 
175: export async function resolvePathPluginTarget(spec: string) {
176:   const raw = spec.startsWith("file://") ? fileURLToPath(spec) : spec
177:   const file = path.isAbsolute(raw) || /^[A-Za-z]:[\\/]/.test(raw) ? raw : path.resolve(raw)
178:   const stat = await Filesystem.statAsync(file)
179:   if (!stat?.isDirectory()) {
180:     if (spec.startsWith("file://")) return spec
181:     return pathToFileURL(file).href
182:   }
183: 
184:   if (await Filesystem.exists(path.join(file, "package.json"))) {
185:     return pathToFileURL(file).href
186:   }
187: 
188:   const index = await resolveDirectoryIndex(file)
189:   if (index) return pathToFileURL(index).href
190: 
191:   throw new Error(`Plugin directory ${file} is missing package.json or index file`)
192: }
193: 
194: export async function checkPluginCompatibility(target: string, opencodeVersion: string, pkg?: PluginPackage) {
195:   if (!semver.valid(opencodeVersion) || semver.major(opencodeVersion) === 0) return
196:   const hit = pkg ?? (await readPluginPackage(target).catch(() => undefined))
197:   if (!hit) return
198:   const engines = hit.json.engines
199:   if (!isRecord(engines)) return
200:   const range = engines.opencode
201:   if (typeof range !== "string") return
202:   if (!semver.satisfies(opencodeVersion, range)) {
203:     throw new Error(`Plugin requires opencode ${range} but running ${opencodeVersion}`)
204:   }
205: }
206: 
207: export async function resolvePluginTarget(spec: string) {
208:   if (isPathPluginSpec(spec)) return resolvePathPluginTarget(spec)
209:   const hit = parse(spec)
210:   const pkg = hit?.name && hit.raw === hit.name ? `${hit.name}@latest` : spec
211:   const result = await Npm.add(pkg)
212:   return result.directory
213: }
214: 
215: export async function readPluginPackage(target: string): Promise<PluginPackage> {
216:   const file = target.startsWith("file://") ? fileURLToPath(target) : target
217:   const stat = await Filesystem.statAsync(file)
218:   const dir = stat?.isDirectory() ? file : path.dirname(file)
219:   const pkg = path.join(dir, "package.json")
220:   const json = await Filesystem.readJson<Record<string, unknown>>(pkg)
221:   return { dir, pkg, json }
222: }
223: 
224: export async function createPluginEntry(spec: string, target: string, kind: PluginKind): Promise<PluginEntry> {
225:   const source = pluginSource(spec)
226:   const pkg =
227:     source === "npm" ? await readPluginPackage(target) : await readPluginPackage(target).catch(() => undefined)
228:   const entry = await resolvePluginEntrypoint(spec, target, kind, pkg)
229:   return {
