174:         insertSpaces: true,
175:       },
176:       isArrayInsertion: insert,
177:     }),
178:   )
179: }
180: 
181: function patchPluginList(
182:   text: string,
183:   list: unknown[] | undefined,
184:   spec: string,
185:   next: unknown,
186:   force = false,
187: ): { mode: Mode; text: string } {
188:   const pkg = parsePluginSpecifier(spec).pkg
189:   const rows = (list ?? []).map((item, i) => ({
190:     item,
191:     i,
192:     spec: pluginSpec(item),
193:   }))
194:   const dup = rows.filter((item) => {
195:     if (!item.spec) return false
196:     if (item.spec === spec) return true
197:     if (item.spec.startsWith("file://")) return false
198:     return parsePluginSpecifier(item.spec).pkg === pkg
199:   })
200: 
201:   if (!dup.length) {
202:     if (!list) {
203:       return {
204:         mode: "add",
205:         text: patch(text, ["plugin"], [next]),
206:       }
207:     }
208:     return {
209:       mode: "add",
210:       text: patch(text, ["plugin", list.length], next, true),
211:     }
212:   }
