149:   const server = exportTarget(pkg.json, "server")
150:   if (server) {
151:     targets.push({ kind: "server", opts: server.opts })
152:   } else if (hasMainTarget(pkg.json)) {
153:     targets.push({ kind: "server" })
154:   }
155: 
156:   const tui = exportTarget(pkg.json, "tui")
157:   if (tui) {
158:     targets.push({ kind: "tui", opts: tui.opts })
159:   }
160: 
161:   if (!targets.some((item) => item.kind === "tui") && readPackageThemes(spec, pkg).length) {
162:     targets.push({ kind: "tui" })
163:   }
164: 
165:   return targets
166: }
167: 
168: function patch(text: string, path: Array<string | number>, value: unknown, insert = false) {
169:   return applyEdits(
170:     text,
171:     modify(text, path, value, {
172:       formattingOptions: {
173:         tabSize: 2,
174:         insertSpaces: true,
175:       },
176:       isArrayInsertion: insert,
177:     }),
178:   )
179: }
180: 
181: function patchPluginList(
182:   text: string,
183:   list: unknown[] | undefined,
184:   spec: string,
185:   next: unknown,
186:   force = false,
187: ): { mode: Mode; text: string } {
188:   const pkg = parsePluginSpecifier(spec).pkg
189:   const rows = (list ?? []).map((item, i) => ({
190:     item,
191:     i,
192:     spec: pluginSpec(item),
193:   }))
194:   const dup = rows.filter((item) => {
195:     if (!item.spec) return false
196:     if (item.spec === spec) return true
197:     if (item.spec.startsWith("file://")) return false
198:     return parsePluginSpecifier(item.spec).pkg === pkg
199:   })
200: 
201:   if (!dup.length) {
202:     if (!list) {
203:       return {
204:         mode: "add",
205:         text: patch(text, ["plugin"], [next]),
206:       }
207:     }
208:     return {
209:       mode: "add",
210:       text: patch(text, ["plugin", list.length], next, true),
211:     }
212:   }
