120:         }
121:       })()
122: 
123:       if (yield* afs.existsSafe(path.join(dir, "node_modules", name))) {
124:         return resolveEntryPoint(name, path.join(dir, "node_modules", name))
125:       }
126: 
127:       const tree = yield* reify({ dir, add: [pkg] })
128:       const first = tree.edgesOut.values().next().value?.to
129:       if (!first) {
130:         const result = resolveEntryPoint(name, path.join(dir, "node_modules", name))
131:         if (Option.isSome(result.entrypoint)) return result
132:         return yield* new InstallFailedError({ add: [pkg], dir })
133:       }
134:       return resolveEntryPoint(first.name, first.path)
135:     }, Effect.scoped)
136: 
137:     const install: Interface["install"] = Effect.fn("Npm.install")(function* (dir, input) {
138:       const canWrite = yield* afs.access(dir, { writable: true }).pipe(
139:         Effect.as(true),
