16: function parse(spec: string) {
17:   try {
18:     return npa(spec)
19:   } catch {}
20: }
21: 
22: export function parsePluginSpecifier(spec: string) {
23:   const hit = parse(spec)
24:   if (hit?.type === "alias" && !hit.name) {
25:     const sub = (hit as npa.AliasResult).subSpec
26:     if (sub?.name) {
27:       const version = !sub.rawSpec || sub.rawSpec === "*" ? "latest" : sub.rawSpec
28:       return { pkg: sub.name, version }
29:     }
30:   }
31:   if (!hit?.name) return { pkg: spec, version: "" }
32:   if (hit.raw === hit.name) return { pkg: hit.name, version: "latest" }
33:   return { pkg: hit.name, version: hit.rawSpec }
34: }
---
201:   if (typeof range !== "string") return
202:   if (!semver.satisfies(opencodeVersion, range)) {
203:     throw new Error(`Plugin requires opencode ${range} but running ${opencodeVersion}`)
204:   }
205: }
206: 
207: export async function resolvePluginTarget(spec: string) {
208:   if (isPathPluginSpec(spec)) return resolvePathPluginTarget(spec)
209:   const hit = parse(spec)
210:   const pkg = hit?.name && hit.raw === hit.name ? `${hit.name}@latest` : spec
211:   const result = await Npm.add(pkg)
212:   return result.directory
213: }
214: 
215: export async function readPluginPackage(target: string): Promise<PluginPackage> {
216:   const file = target.startsWith("file://") ? fileURLToPath(target) : target
217:   const stat = await Filesystem.statAsync(file)
218:   const dir = stat?.isDirectory() ? file : path.dirname(file)
219:   const pkg = path.join(dir, "package.json")
---
