13: 
14: There are two ways to load plugins.
15: 
16: ---
17: 
18: ### From local files
19: 
20: Place JavaScript or TypeScript files in the plugin directory.
21: 
22: - `.opencode/plugins/` - Project-level plugins
23: - `~/.config/opencode/plugins/` - Global plugins
24: 
25: Files in these directories are automatically loaded at startup.
26: 
27: ---
28: 
29: ### From npm
30: 
31: Specify npm packages in your config file.
32: 
33: ```json title="opencode.json"
34: {
35:   "$schema": "https://opencode.ai/config.json",
36:   "plugin": ["opencode-helicone-session", "opencode-wakatime", "@my-org/custom-plugin"]
37: }
38: ```
39: 
40: Both regular and scoped npm packages are supported.
